// Jest Snapshot v1, https://goo.gl/fbAQLP

exports[`<Home /> should match the snapshot 1`] = `"<div><div class=\\"start-container container\\"><div class=\\"row\\"><div class=\\"col\\"><h2>Welcome to Movie Monster</h2><p>The only movie finding service you&#x27;ll ever need</p></div></div></div><div class=\\"start-container-background container\\"></div></div>"`;
