// Jest Snapshot v1, https://goo.gl/fbAQLP

exports[`Searchresult component renders correctly 1`] = `ShallowWrapper {}`;
