// Jest Snapshot v1, https://goo.gl/fbAQLP

exports[`<Watchlist /> should match the snapshot 1`] = `"<div class=\\"row\\"><div class=\\"col\\"><h2>Watchlist<span role=\\"img\\" class=\\"float-right\\" aria-label=\\"clock-emoji\\">&#x1F552;</span></h2></div></div><div class=\\"row\\"><div class=\\"col\\"><p class=\\"text-muted\\">It&apos;s empty here!<span role=\\"img\\" aria-label=\\"sad-emoji\\">&#x1F625;</span></p><p class=\\"text-muted\\">Find movies to add to your watchlist using our great<a href=\\"/search\\">search</a><span role=\\"img\\" aria-label=\\"heart-eyes-emoji\\">&#x1F60D;</span></p></div></div>"`;
