// Jest Snapshot v1, https://goo.gl/fbAQLP

exports[`<Movie /> should match the snapshot 1`] = `"<div class=\\"mb-4 col-xl-4 col-md-6 col-sm-12\\"><div class=\\"media\\"><img width=\\"100px\\" src=\\"https://image.tmdb.org/t/p/w200//2UDsmTvWSxVvuGoRQyV3zVaIRyu.jpg\\" alt=\\"Test - movie poster\\"/><div class=\\"p-3 d-flex flex-wrap media-body\\"><div><h3>Test</h3><p class=\\"text-muted p-0 mb-2\\"><small>Release date: 1970-01-01</small></p><p class=\\"p-0 mb-3\\">We donâ€™t serve their kind here! What? Your droids....</p></div><div class=\\"align-self-end w-100\\"><button id=\\"add-to-favourites-btn\\" movieid=\\"123\\" type=\\"button\\" class=\\"float-right btn btn-primary\\"><i class=\\"fa fa-heart-o\\"></i> Add to favourites</button><button id=\\"add-to-watchlist-btn\\" movieid=\\"123\\" type=\\"button\\" class=\\"float-right btn btn-secondary\\"><i class=\\"fa fa-clock-o\\"></i> Add to watchlist</button></div></div></div></div>"`;
